[inovatik.com/leno-landing-page/index.html]
[backblue.gif]
[fade.gif]
[index.html]
[inovatik.com/leno-landing-page/css/bootstrap.css]
[inovatik.com/leno-landing-page/css/fontawesome-all.css]
[inovatik.com/leno-landing-page/css/swiper.css]
[inovatik.com/leno-landing-page/css/magnific-popup.css]
[inovatik.com/leno-landing-page/css/styles.css]
[inovatik.com/leno-landing-page/images/favicon.png]
[inovatik.com/leno-landing-page/images/logo.svg]
[inovatik.com/leno-landing-page/terms-conditions.html]
[inovatik.com/leno-landing-page/privacy-policy.html]
[inovatik.com/leno-landing-page/images/header-iphone.png]
[inovatik.com/leno-landing-page/images/testimonial-1.jpg]
[inovatik.com/leno-landing-page/images/testimonial-2.jpg]
[inovatik.com/leno-landing-page/images/testimonial-3.jpg]
[inovatik.com/leno-landing-page/images/testimonial-4.jpg]
[inovatik.com/leno-landing-page/images/testimonial-5.jpg]
[inovatik.com/leno-landing-page/images/testimonial-6.jpg]
[inovatik.com/leno-landing-page/images/features-iphone-1.png]
[inovatik.com/leno-landing-page/images/features-iphone-2.png]
[inovatik.com/leno-landing-page/images/features-iphone-3.png]
[inovatik.com/leno-landing-page/images/video-frame.jpg]
[inovatik.com/leno-landing-page/images/details-1-iphone.png]
[inovatik.com/leno-landing-page/images/details-2-iphone.png]
[inovatik.com/leno-landing-page/images/details-lightbox-1.png]
[inovatik.com/leno-landing-page/images/details-lightbox-2.png]
[inovatik.com/leno-landing-page/images/screenshot-1.png]
[inovatik.com/leno-landing-page/images/screenshot-2.png]
[inovatik.com/leno-landing-page/images/screenshot-3.png]
[inovatik.com/leno-landing-page/images/screenshot-4.png]
[inovatik.com/leno-landing-page/images/screenshot-5.png]
[inovatik.com/leno-landing-page/images/screenshot-6.png]
[inovatik.com/leno-landing-page/images/screenshot-7.png]
[inovatik.com/leno-landing-page/images/screenshot-8.png]
[inovatik.com/leno-landing-page/images/screenshot-9.png]
[inovatik.com/leno-landing-page/images/screenshot-10.png]
[inovatik.com/leno-landing-page/images/download.png]
[inovatik.com/leno-landing-page/js/jquery.min.js]
[inovatik.com/leno-landing-page/js/popper.min.js]
[inovatik.com/leno-landing-page/js/bootstrap.min.js]
[inovatik.com/leno-landing-page/js/jquery.easing.min.js]
[inovatik.com/leno-landing-page/js/jquery.magnific-popup.js]
[inovatik.com/leno-landing-page/js/swiper.min.js]
[inovatik.com/leno-landing-page/js/morphext.min.js]
[inovatik.com/leno-landing-page/js/validator.min.js]
[inovatik.com/leno-landing-page/index.html]
[inovatik.com/leno-landing-page/css/bootstrap.css]
[inovatik.com/leno-landing-page/js/scripts.js]
[inovatik.com/leno-landing-page/webfonts/fa-brands-400.woff2]
[inovatik.com/leno-landing-page/webfonts/fa-brands-400.eot]
[inovatik.com/leno-landing-page/webfonts/fa-brands-400.woff]
[inovatik.com/leno-landing-page/webfonts/fa-brands-400d41d.eot]
[inovatik.com/leno-landing-page/webfonts/fa-brands-400.ttf]
[inovatik.com/leno-landing-page/webfonts/fa-regular-400.eot]
[inovatik.com/leno-landing-page/webfonts/fa-regular-400d41d.eot]
[inovatik.com/leno-landing-page/webfonts/fa-brands-400.svg]
[inovatik.com/leno-landing-page/webfonts/fa-regular-400.woff2]
[inovatik.com/leno-landing-page/webfonts/fa-regular-400.woff]
[inovatik.com/leno-landing-page/webfonts/fa-regular-400.ttf]
[inovatik.com/leno-landing-page/webfonts/fa-regular-400.svg]
[inovatik.com/leno-landing-page/webfonts/fa-solid-900.eot]
[inovatik.com/leno-landing-page/webfonts/fa-solid-900.woff2]
[inovatik.com/leno-landing-page/webfonts/fa-solid-900.woff]
[inovatik.com/leno-landing-page/webfonts/fa-solid-900d41d.eot]
[inovatik.com/leno-landing-page/webfonts/fa-solid-900.ttf]
[inovatik.com/leno-landing-page/css/fontawesome-all.css]
[inovatik.com/leno-landing-page/css/swiper.css]
[inovatik.com/leno-landing-page/css/magnific-popup.css]
[inovatik.com/leno-landing-page/images/down-arrow.png]
[inovatik.com/leno-landing-page/images/header-background.jpg]
[inovatik.com/leno-landing-page/images/video-background.jpg]
[inovatik.com/leno-landing-page/webfonts/fa-solid-900.svg]
[inovatik.com/leno-landing-page/images/download-background.jpg]
[inovatik.com/leno-landing-page/images/contact-background.jpg]
[inovatik.com/leno-landing-page/images/up-arrow.png]
[inovatik.com/leno-landing-page/css/styles.css]
[inovatik.com/leno-landing-page/images/logo.svg]
[inovatik.com/leno-landing-page/terms-conditions.html]
[inovatik.com/leno-landing-page/privacy-policy.html]
[inovatik.com/leno-landing-page/webfonts/fa-brands-400.svg]
[inovatik.com/leno-landing-page/webfonts/fa-regular-400.svg]
[inovatik.com/leno-landing-page/webfonts/fa-solid-900.svg]
